This is pdfTeX, Version 3.14159265-2.6-1.40.21 (MiKTeX 2.9.7350 64-bit) (preloaded format=pdflatex 2020.4.4)  5 APR 2020 20:15
entering extended mode
**./test.tex
(test.tex
LaTeX2e <2020-02-02> patch level 5
L3 programming layer <2020-03-06>
("C:\Program Files\MiKTeX 2.9\tex/latex/base\article.cls"
Document Class: article 2019/12/20 v1.4l Standard LaTeX document class
("C:\Program Files\MiKTeX 2.9\tex/latex/base\size12.clo"
File: size12.clo 2019/12/20 v1.4l Standard LaTeX file (size option)
)
\c@part=\count167
\c@section=\count168
\c@subsection=\count169
\c@subsubsection=\count170
\c@paragraph=\count171
\c@subparagraph=\count172
\c@figure=\count173
\c@table=\count174
\abovecaptionskip=\skip47
\belowcaptionskip=\skip48
\bibindent=\dimen134
)
("C:\Program Files\MiKTeX 2.9\tex/latex/l3backend\l3backend-pdfmode.def"
File: l3backend-pdfmode.def 2020-03-12 L3 backend support: PDF mode
\l__kernel_color_stack_int=\count175
\l__pdf_internal_box=\box45
)
(test.aux)
\openout1 = `test.aux'.

LaTeX Font Info:    Checking defaults for OML/cmm/m/it on input line 2.
LaTeX Font Info:    ... okay on input line 2.
LaTeX Font Info:    Checking defaults for OMS/cmsy/m/n on input line 2.
LaTeX Font Info:    ... okay on input line 2.
LaTeX Font Info:    Checking defaults for OT1/cmr/m/n on input line 2.
LaTeX Font Info:    ... okay on input line 2.
LaTeX Font Info:    Checking defaults for T1/cmr/m/n on input line 2.
LaTeX Font Info:    ... okay on input line 2.
LaTeX Font Info:    Checking defaults for TS1/cmr/m/n on input line 2.
LaTeX Font Info:    ... okay on input line 2.
LaTeX Font Info:    Checking defaults for OMX/cmex/m/n on input line 2.
LaTeX Font Info:    ... okay on input line 2.
LaTeX Font Info:    Checking defaults for U/cmr/m/n on input line 2.
LaTeX Font Info:    ... okay on input line 2.
LaTeX Font Info:    External font `cmex10' loaded for size
(Font)              <14.4> on input line 4.
LaTeX Font Info:    External font `cmex10' loaded for size
(Font)              <7> on input line 4.
LaTeX Font Info:    External font `cmex10' loaded for size
(Font)              <12> on input line 12.
LaTeX Font Info:    External font `cmex10' loaded for size
(Font)              <8> on input line 12.
LaTeX Font Info:    External font `cmex10' loaded for size
(Font)              <6> on input line 12.
 [1

{C:/Users/rome_/AppData/Local/MiKTeX/2.9/pdftex/config/pdftex.map}] [2] [3] [4]

Overfull \hbox (34.23135pt too wide) in paragraph at lines 261--262
[]$\OMS/cmsy/m/n/12  [] []\OT1/cmr/m/n/12 (\OML/cmm/m/it/12 \OT1/cmr/m/n/12 ) 
[](\OML/cmm/m/it/12 \OT1/cmr/m/n/12 ) + [] [][](\OML/cmm/m/it/12 \OT1/cmr/m/n
/12 ) \OMS/cmsy/m/n/12   [] []\OT1/cmr/m/n/12 (2\OML/cmm/m/it/12 \OT1/cmr/m/n/
12 ) [](\OML/cmm/m/it/12 \OT1/cmr/m/n/12 ) + [] [](2\OML/cmm/m/it/12 \OT1/cmr
/m/n/12 ) [](\OML/cmm/m/it/12 \OT1/cmr/m/n/12 ) \OMS/cmsy/m/n/12  
 []


Overfull \hbox (15.0204pt too wide) in paragraph at lines 261--262
[] [][]\OT1/cmr/m/n/12 (\OML/cmm/m/it/12 \OT1/cmr/m/n/12 ) + [] [](\OML/cmm/m/
it/12 \OT1/cmr/m/n/12 )\OML/cmm/m/it/12 sin\OT1/cmr/m/n/12 (\OML/cmm/m/it/12 
\OT1/cmr/m/n/12 ) \OMS/cmsy/m/n/12   [] []\OT1/cmr/m/n/12 (2\OML/cmm/m/it/12 \
OT1/cmr/m/n/12 ) [](\OML/cmm/m/it/12 \OT1/cmr/m/n/12 ) + [] [](2\OML/cmm/m/it/
12 \OT1/cmr/m/n/12 ) [](\OML/cmm/m/it/12 tau\OT1/cmr/m/n/12 ) \OMS/cmsy/m/n/12
  
 []


Overfull \hbox (1.47575pt too wide) in paragraph at lines 261--262
[] []\OT1/cmr/m/n/12 (\OML/cmm/m/it/12 \OT1/cmr/m/n/12 )\OML/cmm/m/it/12 cos\O
T1/cmr/m/n/12 (\OML/cmm/m/it/12 \OT1/cmr/m/n/12 ) + [] [][](\OML/cmm/m/it/12 
\OT1/cmr/m/n/12 ) + [] [](2\OML/cmm/m/it/12 \OT1/cmr/m/n/12 ) [](\OML/cmm/m/it
/12 \OT1/cmr/m/n/12 ) + [] [](2\OML/cmm/m/it/12 \OT1/cmr/m/n/12 ) [](\OML/cmm
/m/it/12 \OT1/cmr/m/n/12 ) +
 []


Overfull \hbox (6.21194pt too wide) in paragraph at lines 261--262
[] []\OT1/cmr/m/n/12 (2\OML/cmm/m/it/12 \OT1/cmr/m/n/12 ) [](\OML/cmm/m/it/12 
\OT1/cmr/m/n/12 ) + [] [][](\OML/cmm/m/it/12 \OT1/cmr/m/n/12 ) + [] [](\OML/c
mm/m/it/12 \OT1/cmr/m/n/12 ) [](\OML/cmm/m/it/12 \OT1/cmr/m/n/12 ) \OMS/cmsy/
m/n/12   [] []\OT1/cmr/m/n/12 (2\OML/cmm/m/it/12 \OT1/cmr/m/n/12 ) [](\OML/cmm
/m/it/12 \OT1/cmr/m/n/12 ) +
 []


Overfull \hbox (54.5979pt too wide) in paragraph at lines 261--262
\OML/cmm/m/it/12 AB[] [][]\OT1/cmr/m/n/12 (\OML/cmm/m/it/12 \OT1/cmr/m/n/12 ) 
\OMS/cmsy/m/n/12   \OML/cmm/m/it/12 A[]B []\OT1/cmr/m/n/12 (2\OML/cmm/m/it/12 
\OT1/cmr/m/n/12 ) [](\OML/cmm/m/it/12 \OT1/cmr/m/n/12 ) + \OML/cmm/m/it/12 A[]
B [][]\OT1/cmr/m/n/12 (\OML/cmm/m/it/12 \OT1/cmr/m/n/12 ) + \OML/cmm/m/it/12 B
[] [][]\OT1/cmr/m/n/12 (\OML/cmm/m/it/12 \OT1/cmr/m/n/12 ) [](\OML/cmm/m/it/12
 \OT1/cmr/m/n/12 ) + \OML/cmm/m/it/12 AB[] []\OT1/cmr/m/n/12 (2\OML/cmm/m/it/1
2 \OT1/cmr/m/n/12 ) [](\OML/cmm/m/it/12 tau\OT1/cmr/m/n/12 ))$ 
 []

[5] [6] (test.aux) ) 
Here is how much of TeX's memory you used:
 395 strings out of 480934
 6576 string characters out of 2909683
 246327 words of memory out of 3000000
 16335 multiletter control sequences out of 15000+200000
 537853 words of font info for 42 fonts, out of 3000000 for 9000
 1141 hyphenation exceptions out of 8191
 24i,6n,21p,862b,187s stack positions out of 5000i,500n,10000p,200000b,50000s
<C:/Program Files/MiKTeX 2.9/fonts/type1/public/amsfonts/cm
/cmbx12.pfb><C:/Program Files/MiKTeX 2.9/fonts/type1/public/amsfonts/cm/cmmi12.
pfb><C:/Program Files/MiKTeX 2.9/fonts/type1/public/amsfonts/cm/cmmi8.pfb><C:/P
rogram Files/MiKTeX 2.9/fonts/type1/public/amsfonts/cm/cmr10.pfb><C:/Program Fi
les/MiKTeX 2.9/fonts/type1/public/amsfonts/cm/cmr12.pfb><C:/Program Files/MiKTe
X 2.9/fonts/type1/public/amsfonts/cm/cmr17.pfb><C:/Program Files/MiKTeX 2.9/fon
ts/type1/public/amsfonts/cm/cmr6.pfb><C:/Program Files/MiKTeX 2.9/fonts/type1/p
ublic/amsfonts/cm/cmr8.pfb><C:/Program Files/MiKTeX 2.9/fonts/type1/public/amsf
onts/cm/cmsy10.pfb><C:/Program Files/MiKTeX 2.9/fonts/type1/public/amsfonts/cm/
cmsy8.pfb><C:/Program Files/MiKTeX 2.9/fonts/type1/public/amsfonts/cm/cmti12.pf
b>
Output written on test.pdf (6 pages, 131080 bytes).
PDF statistics:
 65 PDF objects out of 1000 (max. 8388607)
 0 named destinations out of 1000 (max. 500000)
 1 words of extra memory for PDF output out of 10000 (max. 10000000)

